  Determining projects to restore...
  All projects are up-to-date for restore.
D:\EndUser\hitesh\shreshtproject\WebApplication1\Services\EmailService.cs(460,32): warning CS8625: Cannot convert null literal to non-nullable reference type. [D:\EndUser\hitesh\shreshtproject\WebApplication1\WebApplication1.csproj]
D:\EndUser\hitesh\shreshtproject\WebApplication1\Services\EmailService.cs(464,29): warning CS8625: Cannot convert null literal to non-nullable reference type. [D:\EndUser\hitesh\shreshtproject\WebApplication1\WebApplication1.csproj]
D:\EndUser\hitesh\shreshtproject\WebApplication1\Services\EmailService.cs(465,75): warning CS8625: Cannot convert null literal to non-nullable reference type. [D:\EndUser\hitesh\shreshtproject\WebApplication1\WebApplication1.csproj]
D:\EndUser\hitesh\shreshtproject\WebApplication1\Services\FirebaseNotificationService.cs(13,121): warning CS8625: Cannot convert null literal to non-nullable reference type. [D:\EndUser\hitesh\shreshtproject\WebApplication1\WebApplication1.csproj]
D:\EndUser\hitesh\shreshtproject\WebApplication1\Services\FirebaseNotificationService.cs(14,136): warning CS8625: Cannot convert null literal to non-nullable reference type. [D:\EndUser\hitesh\shreshtproject\WebApplication1\WebApplication1.csproj]
D:\EndUser\hitesh\shreshtproject\WebApplication1\Services\FirebaseNotificationService.cs(57,134): warning CS8625: Cannot convert null literal to non-nullable reference type. [D:\EndUser\hitesh\shreshtproject\WebApplication1\WebApplication1.csproj]
D:\EndUser\hitesh\shreshtproject\WebApplication1\Services\FirebaseNotificationService.cs(97,149): warning CS8625: Cannot convert null literal to non-nullable reference type. [D:\EndUser\hitesh\shreshtproject\WebApplication1\WebApplication1.csproj]
D:\EndUser\hitesh\shreshtproject\WebApplication1\Services\EmailService.cs(75,175): warning CS8625: Cannot convert null literal to non-nullable reference type. [D:\EndUser\hitesh\shreshtproject\WebApplication1\WebApplication1.csproj]
D:\EndUser\hitesh\shreshtproject\WebApplication1\Services\EmailService.cs(75,205): warning CS8625: Cannot convert null literal to non-nullable reference type. [D:\EndUser\hitesh\shreshtproject\WebApplication1\WebApplication1.csproj]
D:\EndUser\hitesh\shreshtproject\WebApplication1\Controllers\AdminSeatsController.cs(28,27): warning CS8618: Non-nullable property 'Floor' must contain a non-null value when exiting constructor. Consider adding the 'required' modifier or declaring the property as nullable. [D:\EndUser\hitesh\shreshtproject\WebApplication1\WebApplication1.csproj]
D:\EndUser\hitesh\shreshtproject\WebApplication1\Controllers\AdminSeatsController.cs(31,27): warning CS8618: Non-nullable property 'Row' must contain a non-null value when exiting constructor. Consider adding the 'required' modifier or declaring the property as nullable. [D:\EndUser\hitesh\shreshtproject\WebApplication1\WebApplication1.csproj]
D:\EndUser\hitesh\shreshtproject\WebApplication1\Controllers\AdminSeatsController.cs(34,27): warning CS8618: Non-nullable property 'SeatNumber' must contain a non-null value when exiting constructor. Consider adding the 'required' modifier or declaring the property as nullable. [D:\EndUser\hitesh\shreshtproject\WebApplication1\WebApplication1.csproj]
D:\EndUser\hitesh\shreshtproject\WebApplication1\Controllers\AdminSeatsController.cs(48,27): warning CS8618: Non-nullable property 'Name' must contain a non-null value when exiting constructor. Consider adding the 'required' modifier or declaring the property as nullable. [D:\EndUser\hitesh\shreshtproject\WebApplication1\WebApplication1.csproj]
D:\EndUser\hitesh\shreshtproject\WebApplication1\Controllers\AdminSettingsController.cs(31,66): warning CS8604: Possible null reference argument for parameter 'role' in 'Task<ServiceResult<object>> IAdminSettingsService.GetSettingsAsync(string role, CancellationToken ct = default(CancellationToken))'. [D:\EndUser\hitesh\shreshtproject\WebApplication1\WebApplication1.csproj]
D:\EndUser\hitesh\shreshtproject\WebApplication1\Controllers\AdminSettingsController.cs(42,78): warning CS8604: Possible null reference argument for parameter 'role' in 'Task<ServiceResult<object>> IAdminSettingsService.UpdateSettingsAsync(SettingsPayload payload, string role, CancellationToken ct = default(CancellationToken))'. [D:\EndUser\hitesh\shreshtproject\WebApplication1\WebApplication1.csproj]
D:\EndUser\hitesh\shreshtproject\WebApplication1\Controllers\AuthController.cs(50,68): warning CS8604: Possible null reference argument for parameter 'ipAddress' in 'Task<ServiceResult<object>> IAuthService.RegisterAsync(UserRegisterRequest request, string ipAddress, CancellationToken ct = default(CancellationToken))'. [D:\EndUser\hitesh\shreshtproject\WebApplication1\WebApplication1.csproj]
D:\EndUser\hitesh\shreshtproject\WebApplication1\Controllers\AuthController.cs(209,23): warning CS8618: Non-nullable property 'Email' must contain a non-null value when exiting constructor. Consider adding the 'required' modifier or declaring the property as nullable. [D:\EndUser\hitesh\shreshtproject\WebApplication1\WebApplication1.csproj]
D:\EndUser\hitesh\shreshtproject\WebApplication1\Controllers\AuthController.cs(212,23): warning CS8618: Non-nullable property 'Mobile' must contain a non-null value when exiting constructor. Consider adding the 'required' modifier or declaring the property as nullable. [D:\EndUser\hitesh\shreshtproject\WebApplication1\WebApplication1.csproj]
D:\EndUser\hitesh\shreshtproject\WebApplication1\Controllers\AuthController.cs(217,23): warning CS8618: Non-nullable property 'Username' must contain a non-null value when exiting constructor. Consider adding the 'required' modifier or declaring the property as nullable. [D:\EndUser\hitesh\shreshtproject\WebApplication1\WebApplication1.csproj]
D:\EndUser\hitesh\shreshtproject\WebApplication1\Controllers\AuthController.cs(218,23): warning CS8618: Non-nullable property 'Password' must contain a non-null value when exiting constructor. Consider adding the 'required' modifier or declaring the property as nullable. [D:\EndUser\hitesh\shreshtproject\WebApplication1\WebApplication1.csproj]
D:\EndUser\hitesh\shreshtproject\WebApplication1\Controllers\AuthController.cs(224,23): warning CS8618: Non-nullable property 'Email' must contain a non-null value when exiting constructor. Consider adding the 'required' modifier or declaring the property as nullable. [D:\EndUser\hitesh\shreshtproject\WebApplication1\WebApplication1.csproj]
D:\EndUser\hitesh\shreshtproject\WebApplication1\Controllers\AuthController.cs(227,23): warning CS8618: Non-nullable property 'Password' must contain a non-null value when exiting constructor. Consider adding the 'required' modifier or declaring the property as nullable. [D:\EndUser\hitesh\shreshtproject\WebApplication1\WebApplication1.csproj]
D:\EndUser\hitesh\shreshtproject\WebApplication1\Controllers\AuthController.cs(233,23): warning CS8618: Non-nullable property 'Mobile' must contain a non-null value when exiting constructor. Consider adding the 'required' modifier or declaring the property as nullable. [D:\EndUser\hitesh\shreshtproject\WebApplication1\WebApplication1.csproj]
D:\EndUser\hitesh\shreshtproject\WebApplication1\Controllers\AuthController.cs(236,23): warning CS8618: Non-nullable property 'Password' must contain a non-null value when exiting constructor. Consider adding the 'required' modifier or declaring the property as nullable. [D:\EndUser\hitesh\shreshtproject\WebApplication1\WebApplication1.csproj]
D:\EndUser\hitesh\shreshtproject\WebApplication1\Controllers\AdminSeatsController.cs(60,27): warning CS8618: Non-nullable property 'Label' must contain a non-null value when exiting constructor. Consider adding the 'required' modifier or declaring the property as nullable. [D:\EndUser\hitesh\shreshtproject\WebApplication1\WebApplication1.csproj]
D:\EndUser\hitesh\shreshtproject\WebApplication1\Controllers\AuthController.cs(90,67): warning CS8604: Possible null reference argument for parameter 'ipAddress' in 'Task<ServiceResult<object>> IAuthService.SendOtpAsync(SendOtpRequest request, string ipAddress, string path, string method, CancellationToken ct = default(CancellationToken))'. [D:\EndUser\hitesh\shreshtproject\WebApplication1\WebApplication1.csproj]
D:\EndUser\hitesh\shreshtproject\WebApplication1\Controllers\AuthController.cs(100,69): warning CS8604: Possible null reference argument for parameter 'ipAddress' in 'Task<ServiceResult<object>> IAuthService.VerifyOtpAsync(VerifyOtpRequest request, string ipAddress, string path, string method, CancellationToken ct = default(CancellationToken))'. [D:\EndUser\hitesh\shreshtproject\WebApplication1\WebApplication1.csproj]
D:\EndUser\hitesh\shreshtproject\WebApplication1\Controllers\AdminSeatsController.cs(68,27): warning CS8618: Non-nullable property 'Status' must contain a non-null value when exiting constructor. Consider adding the 'required' modifier or declaring the property as nullable. [D:\EndUser\hitesh\shreshtproject\WebApplication1\WebApplication1.csproj]
D:\EndUser\hitesh\shreshtproject\WebApplication1\Controllers\AdminStudentsController.cs(52,119): warning CS8604: Possible null reference argument for parameter 'host' in 'Task<ServiceResult<object>> IStudentAdminService.GetStudentsAsync(int page, int pageSize, string search, string status, string scheme, string host, CancellationToken ct = default(CancellationToken))'. [D:\EndUser\hitesh\shreshtproject\WebApplication1\WebApplication1.csproj]
D:\EndUser\hitesh\shreshtproject\WebApplication1\Controllers\AuthController.cs(109,70): warning CS8604: Possible null reference argument for parameter 'ipAddress' in 'Task<ServiceResult<object>> IAuthService.LoginEmailAsync(LoginEmailRequest request, string ipAddress, string path, string method, CancellationToken ct = default(CancellationToken))'. [D:\EndUser\hitesh\shreshtproject\WebApplication1\WebApplication1.csproj]
D:\EndUser\hitesh\shreshtproject\WebApplication1\Controllers\AuthController.cs(242,23): warning CS8618: Non-nullable property 'FirstName' must contain a non-null value when exiting constructor. Consider adding the 'required' modifier or declaring the property as nullable. [D:\EndUser\hitesh\shreshtproject\WebApplication1\WebApplication1.csproj]
D:\EndUser\hitesh\shreshtproject\WebApplication1\Controllers\AuthController.cs(245,23): warning CS8618: Non-nullable property 'LastName' must contain a non-null value when exiting constructor. Consider adding the 'required' modifier or declaring the property as nullable. [D:\EndUser\hitesh\shreshtproject\WebApplication1\WebApplication1.csproj]
D:\EndUser\hitesh\shreshtproject\WebApplication1\Controllers\AuthController.cs(248,23): warning CS8618: Non-nullable property 'Email' must contain a non-null value when exiting constructor. Consider adding the 'required' modifier or declaring the property as nullable. [D:\EndUser\hitesh\shreshtproject\WebApplication1\WebApplication1.csproj]
D:\EndUser\hitesh\shreshtproject\WebApplication1\Controllers\AuthController.cs(251,23): warning CS8618: Non-nullable property 'Mobile' must contain a non-null value when exiting constructor. Consider adding the 'required' modifier or declaring the property as nullable. [D:\EndUser\hitesh\shreshtproject\WebApplication1\WebApplication1.csproj]
D:\EndUser\hitesh\shreshtproject\WebApplication1\Controllers\AuthController.cs(254,23): warning CS8618: Non-nullable property 'Password' must contain a non-null value when exiting constructor. Consider adding the 'required' modifier or declaring the property as nullable. [D:\EndUser\hitesh\shreshtproject\WebApplication1\WebApplication1.csproj]
D:\EndUser\hitesh\shreshtproject\WebApplication1\Controllers\AuthController.cs(257,23): warning CS8618: Non-nullable property 'ConfirmPassword' must contain a non-null value when exiting constructor. Consider adding the 'required' modifier or declaring the property as nullable. [D:\EndUser\hitesh\shreshtproject\WebApplication1\WebApplication1.csproj]
D:\EndUser\hitesh\shreshtproject\WebApplication1\Controllers\AuthController.cs(260,23): warning CS8618: Non-nullable property 'Goal' must contain a non-null value when exiting constructor. Consider adding the 'required' modifier or declaring the property as nullable. [D:\EndUser\hitesh\shreshtproject\WebApplication1\WebApplication1.csproj]
D:\EndUser\hitesh\shreshtproject\WebApplication1\Controllers\AuthController.cs(266,23): warning CS8618: Non-nullable property 'Address' must contain a non-null value when exiting constructor. Consider adding the 'required' modifier or declaring the property as nullable. [D:\EndUser\hitesh\shreshtproject\WebApplication1\WebApplication1.csproj]
D:\EndUser\hitesh\shreshtproject\WebApplication1\Controllers\AuthController.cs(269,23): warning CS8618: Non-nullable property 'ParentMobile' must contain a non-null value when exiting constructor. Consider adding the 'required' modifier or declaring the property as nullable. [D:\EndUser\hitesh\shreshtproject\WebApplication1\WebApplication1.csproj]
D:\EndUser\hitesh\shreshtproject\WebApplication1\Controllers\AuthController.cs(272,23): warning CS8618: Non-nullable property 'Otp' must contain a non-null value when exiting constructor. Consider adding the 'required' modifier or declaring the property as nullable. [D:\EndUser\hitesh\shreshtproject\WebApplication1\WebApplication1.csproj]
D:\EndUser\hitesh\shreshtproject\WebApplication1\Controllers\AuthController.cs(275,23): warning CS8618: Non-nullable property 'Gender' must contain a non-null value when exiting constructor. Consider adding the 'required' modifier or declaring the property as nullable. [D:\EndUser\hitesh\shreshtproject\WebApplication1\WebApplication1.csproj]
D:\EndUser\hitesh\shreshtproject\WebApplication1\Controllers\AuthController.cs(280,23): warning CS8618: Non-nullable property 'Mobile' must contain a non-null value when exiting constructor. Consider adding the 'required' modifier or declaring the property as nullable. [D:\EndUser\hitesh\shreshtproject\WebApplication1\WebApplication1.csproj]
D:\EndUser\hitesh\shreshtproject\WebApplication1\Controllers\AdminStudentsController.cs(61,95): warning CS8604: Possible null reference argument for parameter 'host' in 'Task<ServiceResult<object>> IStudentAdminService.GetStudentDetailAsync(string pk, string scheme, string host, CancellationToken ct = default(CancellationToken))'. [D:\EndUser\hitesh\shreshtproject\WebApplication1\WebApplication1.csproj]
D:\EndUser\hitesh\shreshtproject\WebApplication1\Controllers\AuthController.cs(118,71): warning CS8604: Possible null reference argument for parameter 'ipAddress' in 'Task<ServiceResult<object>> IAuthService.LoginMobileAsync(LoginMobileRequest request, string ipAddress, string path, string method, CancellationToken ct = default(CancellationToken))'. [D:\EndUser\hitesh\shreshtproject\WebApplication1\WebApplication1.csproj]
D:\EndUser\hitesh\shreshtproject\WebApplication1\Controllers\AuthController.cs(128,70): warning CS8604: Possible null reference argument for parameter 'ipAddress' in 'Task<ServiceResult<object>> IAuthService.AdminLoginAsync(AdminLoginRequest request, string ipAddress, string path, string method, CancellationToken ct = default(CancellationToken))'. [D:\EndUser\hitesh\shreshtproject\WebApplication1\WebApplication1.csproj]
D:\EndUser\hitesh\shreshtproject\WebApplication1\Controllers\AuthController.cs(285,23): warning CS8618: Non-nullable property 'Mobile' must contain a non-null value when exiting constructor. Consider adding the 'required' modifier or declaring the property as nullable. [D:\EndUser\hitesh\shreshtproject\WebApplication1\WebApplication1.csproj]
D:\EndUser\hitesh\shreshtproject\WebApplication1\Controllers\AuthController.cs(286,23): warning CS8618: Non-nullable property 'Otp' must contain a non-null value when exiting constructor. Consider adding the 'required' modifier or declaring the property as nullable. [D:\EndUser\hitesh\shreshtproject\WebApplication1\WebApplication1.csproj]
D:\EndUser\hitesh\shreshtproject\WebApplication1\Controllers\AuthController.cs(292,23): warning CS8618: Non-nullable property 'Identifier' must contain a non-null value when exiting constructor. Consider adding the 'required' modifier or declaring the property as nullable. [D:\EndUser\hitesh\shreshtproject\WebApplication1\WebApplication1.csproj]
D:\EndUser\hitesh\shreshtproject\WebApplication1\Controllers\AuthController.cs(137,74): warning CS8604: Possible null reference argument for parameter 'ipAddress' in 'Task<ServiceResult<object>> IAuthService.ForgotPasswordAsync(ForgotPasswordRequest request, string ipAddress, string path, string method, CancellationToken ct = default(CancellationToken))'. [D:\EndUser\hitesh\shreshtproject\WebApplication1\WebApplication1.csproj]
D:\EndUser\hitesh\shreshtproject\WebApplication1\Controllers\AuthController.cs(298,23): warning CS8618: Non-nullable property 'Identifier' must contain a non-null value when exiting constructor. Consider adding the 'required' modifier or declaring the property as nullable. [D:\EndUser\hitesh\shreshtproject\WebApplication1\WebApplication1.csproj]
D:\EndUser\hitesh\shreshtproject\WebApplication1\Controllers\AuthController.cs(301,23): warning CS8618: Non-nullable property 'Token' must contain a non-null value when exiting constructor. Consider adding the 'required' modifier or declaring the property as nullable. [D:\EndUser\hitesh\shreshtproject\WebApplication1\WebApplication1.csproj]
D:\EndUser\hitesh\shreshtproject\WebApplication1\Controllers\AdminSeatsController.cs(76,27): warning CS8618: Non-nullable property 'StudentId' must contain a non-null value when exiting constructor. Consider adding the 'required' modifier or declaring the property as nullable. [D:\EndUser\hitesh\shreshtproject\WebApplication1\WebApplication1.csproj]
D:\EndUser\hitesh\shreshtproject\WebApplication1\Controllers\AuthController.cs(155,73): warning CS8604: Possible null reference argument for parameter 'ipAddress' in 'Task<ServiceResult<object>> IAuthService.ResetPasswordAsync(ResetPasswordRequest request, string ipAddress, string path, string method, CancellationToken ct = default(CancellationToken))'. [D:\EndUser\hitesh\shreshtproject\WebApplication1\WebApplication1.csproj]
D:\EndUser\hitesh\shreshtproject\WebApplication1\Controllers\AuthController.cs(307,23): warning CS8618: Non-nullable property 'Identifier' must contain a non-null value when exiting constructor. Consider adding the 'required' modifier or declaring the property as nullable. [D:\EndUser\hitesh\shreshtproject\WebApplication1\WebApplication1.csproj]
D:\EndUser\hitesh\shreshtproject\WebApplication1\Controllers\AuthController.cs(310,23): warning CS8618: Non-nullable property 'Token' must contain a non-null value when exiting constructor. Consider adding the 'required' modifier or declaring the property as nullable. [D:\EndUser\hitesh\shreshtproject\WebApplication1\WebApplication1.csproj]
D:\EndUser\hitesh\shreshtproject\WebApplication1\Controllers\AuthController.cs(313,23): warning CS8618: Non-nullable property 'NewPassword' must contain a non-null value when exiting constructor. Consider adding the 'required' modifier or declaring the property as nullable. [D:\EndUser\hitesh\shreshtproject\WebApplication1\WebApplication1.csproj]
D:\EndUser\hitesh\shreshtproject\WebApplication1\Controllers\AuthController.cs(318,23): warning CS8618: Non-nullable property 'Refresh' must contain a non-null value when exiting constructor. Consider adding the 'required' modifier or declaring the property as nullable. [D:\EndUser\hitesh\shreshtproject\WebApplication1\WebApplication1.csproj]
D:\EndUser\hitesh\shreshtproject\WebApplication1\Controllers\AuthController.cs(323,23): warning CS8618: Non-nullable property 'Refresh' must contain a non-null value when exiting constructor. Consider adding the 'required' modifier or declaring the property as nullable. [D:\EndUser\hitesh\shreshtproject\WebApplication1\WebApplication1.csproj]
D:\EndUser\hitesh\shreshtproject\WebApplication1\Controllers\AuthController.cs(329,23): warning CS8618: Non-nullable property 'OldPassword' must contain a non-null value when exiting constructor. Consider adding the 'required' modifier or declaring the property as nullable. [D:\EndUser\hitesh\shreshtproject\WebApplication1\WebApplication1.csproj]
D:\EndUser\hitesh\shreshtproject\WebApplication1\Controllers\AuthController.cs(331,23): warning CS8618: Non-nullable property 'NewPassword' must contain a non-null value when exiting constructor. Consider adding the 'required' modifier or declaring the property as nullable. [D:\EndUser\hitesh\shreshtproject\WebApplication1\WebApplication1.csproj]
D:\EndUser\hitesh\shreshtproject\WebApplication1\Controllers\AuthController.cs(333,23): warning CS8618: Non-nullable property 'ConfirmPassword' must contain a non-null value when exiting constructor. Consider adding the 'required' modifier or declaring the property as nullable. [D:\EndUser\hitesh\shreshtproject\WebApplication1\WebApplication1.csproj]
D:\EndUser\hitesh\shreshtproject\WebApplication1\Controllers\AuthController.cs(167,78): warning CS8604: Possible null reference argument for parameter 'currentUserIdStr' in 'Task<ServiceResult<object>> IAuthService.LogoutAsync(LogoutRequest request, string authHeader, string currentUserIdStr, string role, string ipAddress, string path, string method, CancellationToken ct = default(CancellationToken))'. [D:\EndUser\hitesh\shreshtproject\WebApplication1\WebApplication1.csproj]
D:\EndUser\hitesh\shreshtproject\WebApplication1\Controllers\AuthController.cs(167,96): warning CS8604: Possible null reference argument for parameter 'role' in 'Task<ServiceResult<object>> IAuthService.LogoutAsync(LogoutRequest request, string authHeader, string currentUserIdStr, string role, string ipAddress, string path, string method, CancellationToken ct = default(CancellationToken))'. [D:\EndUser\hitesh\shreshtproject\WebApplication1\WebApplication1.csproj]
D:\EndUser\hitesh\shreshtproject\WebApplication1\Controllers\AuthController.cs(167,102): warning CS8604: Possible null reference argument for parameter 'ipAddress' in 'Task<ServiceResult<object>> IAuthService.LogoutAsync(LogoutRequest request, string authHeader, string currentUserIdStr, string role, string ipAddress, string path, string method, CancellationToken ct = default(CancellationToken))'. [D:\EndUser\hitesh\shreshtproject\WebApplication1\WebApplication1.csproj]
D:\EndUser\hitesh\shreshtproject\WebApplication1\Controllers\AuthController.cs(187,74): warning CS8604: Possible null reference argument for parameter 'userIdStr' in 'Task<ServiceResult<object>> IAuthService.ChangePasswordAsync(ChangePasswordRequest request, string userIdStr, CancellationToken ct = default(CancellationToken))'. [D:\EndUser\hitesh\shreshtproject\WebApplication1\WebApplication1.csproj]
D:\EndUser\hitesh\shreshtproject\WebApplication1\Controllers\AdminSeatsController.cs(88,30): warning CS8618: Non-nullable property 'SeatIds' must contain a non-null value when exiting constructor. Consider adding the 'required' modifier or declaring the property as nullable. [D:\EndUser\hitesh\shreshtproject\WebApplication1\WebApplication1.csproj]
D:\EndUser\hitesh\shreshtproject\WebApplication1\Controllers\AdminStudentsController.cs(111,112): warning CS8604: Possible null reference argument for parameter 'host' in 'Task<ServiceResult<object>> IStudentAdminService.UploadStudentPhotoAsync(string pk, IFormFile photo, string scheme, string host, CancellationToken ct = default(CancellationToken))'. [D:\EndUser\hitesh\shreshtproject\WebApplication1\WebApplication1.csproj]
D:\EndUser\hitesh\shreshtproject\WebApplication1\Controllers\AdminLibraryController.cs(275,57): warning CS8618: Non-nullable property 'Image' must contain a non-null value when exiting constructor. Consider adding the 'required' modifier or declaring the property as nullable. [D:\EndUser\hitesh\shreshtproject\WebApplication1\WebApplication1.csproj]
D:\EndUser\hitesh\shreshtproject\WebApplication1\Controllers\StudentController.cs(130,82): warning CS8604: Possible null reference argument for parameter 'code' in 'Task<ApiResponse<object>> IStudentReferralService.ApplyReferralAsync(long userId, string code, CancellationToken ct = default(CancellationToken))'. [D:\EndUser\hitesh\shreshtproject\WebApplication1\WebApplication1.csproj]
D:\EndUser\hitesh\shreshtproject\WebApplication1\Models\DTOs\Auth\FcmTokenUpdateDto.cs(5,23): warning CS8618: Non-nullable property 'Token' must contain a non-null value when exiting constructor. Consider adding the 'required' modifier or declaring the property as nullable. [D:\EndUser\hitesh\shreshtproject\WebApplication1\WebApplication1.csproj]
D:\EndUser\hitesh\shreshtproject\WebApplication1\Services\AuthService.cs(36,130): warning CS8604: Possible null reference argument for parameter 'matchExpression' in 'bool NpgsqlDbFunctionsExtensions.ILike(DbFunctions _, string matchExpression, string pattern)'. [D:\EndUser\hitesh\shreshtproject\WebApplication1\WebApplication1.csproj]
D:\EndUser\hitesh\shreshtproject\WebApplication1\Services\EmailService.cs(60,41): warning CS8603: Possible null reference return. [D:\EndUser\hitesh\shreshtproject\WebApplication1\WebApplication1.csproj]
D:\EndUser\hitesh\shreshtproject\WebApplication1\Services\EmailService.cs(213,28): warning CS8625: Cannot convert null literal to non-nullable reference type. [D:\EndUser\hitesh\shreshtproject\WebApplication1\WebApplication1.csproj]
D:\EndUser\hitesh\shreshtproject\WebApplication1\Services\EmailService.cs(324,29): warning CS8625: Cannot convert null literal to non-nullable reference type. [D:\EndUser\hitesh\shreshtproject\WebApplication1\WebApplication1.csproj]
D:\EndUser\hitesh\shreshtproject\WebApplication1\Services\EmailService.cs(343,29): warning CS8625: Cannot convert null literal to non-nullable reference type. [D:\EndUser\hitesh\shreshtproject\WebApplication1\WebApplication1.csproj]
D:\EndUser\hitesh\shreshtproject\WebApplication1\Services\AdminLibraryService.cs(268,63): warning CS8604: Possible null reference argument for parameter 'file' in 'Task<string?> ICloudinaryService.UploadImageAsync(IFormFile file, string folderName = "")'. [D:\EndUser\hitesh\shreshtproject\WebApplication1\WebApplication1.csproj]
D:\EndUser\hitesh\shreshtproject\WebApplication1\Services\EmailService.cs(384,29): warning CS8625: Cannot convert null literal to non-nullable reference type. [D:\EndUser\hitesh\shreshtproject\WebApplication1\WebApplication1.csproj]
D:\EndUser\hitesh\shreshtproject\WebApplication1\Services\EmailService.cs(404,29): warning CS8625: Cannot convert null literal to non-nullable reference type. [D:\EndUser\hitesh\shreshtproject\WebApplication1\WebApplication1.csproj]
D:\EndUser\hitesh\shreshtproject\WebApplication1\Services\AdminSettingsService.cs(203,62): warning CS8604: Possible null reference argument for parameter 'value' in 'Task UpdateGlobalSetting(string key, string value, string desc, CancellationToken cancellationToken)'. [D:\EndUser\hitesh\shreshtproject\WebApplication1\WebApplication1.csproj]
D:\EndUser\hitesh\shreshtproject\WebApplication1\Services\AdminSettingsService.cs(204,63): warning CS8604: Possible null reference argument for parameter 'value' in 'Task UpdateGlobalSetting(string key, string value, string desc, CancellationToken cancellationToken)'. [D:\EndUser\hitesh\shreshtproject\WebApplication1\WebApplication1.csproj]
D:\EndUser\hitesh\shreshtproject\WebApplication1\Services\AdminSettingsService.cs(206,58): warning CS8604: Possible null reference argument for parameter 'value' in 'Task UpdateGlobalSetting(string key, string value, string desc, CancellationToken cancellationToken)'. [D:\EndUser\hitesh\shreshtproject\WebApplication1\WebApplication1.csproj]
D:\EndUser\hitesh\shreshtproject\WebApplication1\Services\AdminSettingsService.cs(207,60): warning CS8604: Possible null reference argument for parameter 'value' in 'Task UpdateGlobalSetting(string key, string value, string desc, CancellationToken cancellationToken)'. [D:\EndUser\hitesh\shreshtproject\WebApplication1\WebApplication1.csproj]
D:\EndUser\hitesh\shreshtproject\WebApplication1\Services\AdminSettingsService.cs(221,68): warning CS8604: Possible null reference argument for parameter 'value' in 'Task UpdateGlobalSetting(string key, string value, string desc, CancellationToken cancellationToken)'. [D:\EndUser\hitesh\shreshtproject\WebApplication1\WebApplication1.csproj]
D:\EndUser\hitesh\shreshtproject\WebApplication1\Services\EmailService.cs(424,29): warning CS8625: Cannot convert null literal to non-nullable reference type. [D:\EndUser\hitesh\shreshtproject\WebApplication1\WebApplication1.csproj]
D:\EndUser\hitesh\shreshtproject\WebApplication1\Services\EmailService.cs(444,29): warning CS8625: Cannot convert null literal to non-nullable reference type. [D:\EndUser\hitesh\shreshtproject\WebApplication1\WebApplication1.csproj]
D:\EndUser\hitesh\shreshtproject\WebApplication1\Services\AdminSeatService.cs(140,63): warning CS8629: Nullable value type may be null. [D:\EndUser\hitesh\shreshtproject\WebApplication1\WebApplication1.csproj]
D:\EndUser\hitesh\shreshtproject\WebApplication1\Services\NotificationBackgroundService.cs(107,53): error CS0411: The type arguments for method 'TupleExtensions.Deconstruct<T1, T2>(Tuple<T1, T2>, out T1, out T2)' cannot be inferred from the usage. Try specifying the type arguments explicitly. [D:\EndUser\hitesh\shreshtproject\WebApplication1\WebApplication1.csproj]
D:\EndUser\hitesh\shreshtproject\WebApplication1\Services\NotificationBackgroundService.cs(107,53): error CS8129: No suitable 'Deconstruct' instance or extension method was found for type 'int', with 2 out parameters and a void return type. [D:\EndUser\hitesh\shreshtproject\WebApplication1\WebApplication1.csproj]
D:\EndUser\hitesh\shreshtproject\WebApplication1\Services\NotificationBackgroundService.cs(107,34): error CS8130: Cannot infer the type of implicitly-typed deconstruction variable 'success'. [D:\EndUser\hitesh\shreshtproject\WebApplication1\WebApplication1.csproj]
D:\EndUser\hitesh\shreshtproject\WebApplication1\Services\NotificationBackgroundService.cs(107,43): error CS8130: Cannot infer the type of implicitly-typed deconstruction variable 'failed'. [D:\EndUser\hitesh\shreshtproject\WebApplication1\WebApplication1.csproj]
D:\EndUser\hitesh\shreshtproject\WebApplication1\Services\NotificationBackgroundService.cs(107,122): warning CS8604: Possible null reference argument for parameter 'title' in 'Task<int> INotificationService.SendMulticastPushNotificationAsync(List<string> tokens, string title, string body, Dictionary<string, string> data = null)'. [D:\EndUser\hitesh\shreshtproject\WebApplication1\WebApplication1.csproj]
D:\EndUser\hitesh\shreshtproject\WebApplication1\Services\NotificationBackgroundService.cs(107,142): warning CS8604: Possible null reference argument for parameter 'body' in 'Task<int> INotificationService.SendMulticastPushNotificationAsync(List<string> tokens, string title, string body, Dictionary<string, string> data = null)'. [D:\EndUser\hitesh\shreshtproject\WebApplication1\WebApplication1.csproj]
D:\EndUser\hitesh\shreshtproject\WebApplication1\Services\AttendanceBackgroundService.cs(257,46): warning CS8600: Converting null literal or possible null value to non-nullable type. [D:\EndUser\hitesh\shreshtproject\WebApplication1\WebApplication1.csproj]
D:\EndUser\hitesh\shreshtproject\WebApplication1\Services\AdminLibraryService.cs(364,64): warning CS8604: Possible null reference argument for parameter 'file' in 'Task<string?> ICloudinaryService.UploadImageAsync(IFormFile file, string folderName = "")'. [D:\EndUser\hitesh\shreshtproject\WebApplication1\WebApplication1.csproj]
D:\EndUser\hitesh\shreshtproject\WebApplication1\Services\AdminNotificationService.cs(287,49): error CS0411: The type arguments for method 'TupleExtensions.Deconstruct<T1, T2>(Tuple<T1, T2>, out T1, out T2)' cannot be inferred from the usage. Try specifying the type arguments explicitly. [D:\EndUser\hitesh\shreshtproject\WebApplication1\WebApplication1.csproj]
D:\EndUser\hitesh\shreshtproject\WebApplication1\Services\AdminNotificationService.cs(287,49): error CS8129: No suitable 'Deconstruct' instance or extension method was found for type 'int', with 2 out parameters and a void return type. [D:\EndUser\hitesh\shreshtproject\WebApplication1\WebApplication1.csproj]
D:\EndUser\hitesh\shreshtproject\WebApplication1\Services\AdminNotificationService.cs(287,30): error CS8130: Cannot infer the type of implicitly-typed deconstruction variable 'success'. [D:\EndUser\hitesh\shreshtproject\WebApplication1\WebApplication1.csproj]
D:\EndUser\hitesh\shreshtproject\WebApplication1\Services\AdminNotificationService.cs(287,39): error CS8130: Cannot infer the type of implicitly-typed deconstruction variable 'failed'. [D:\EndUser\hitesh\shreshtproject\WebApplication1\WebApplication1.csproj]
D:\EndUser\hitesh\shreshtproject\WebApplication1\Services\AdminNotificationService.cs(287,119): warning CS8604: Possible null reference argument for parameter 'title' in 'Task<int> INotificationService.SendMulticastPushNotificationAsync(List<string> tokens, string title, string body, Dictionary<string, string> data = null)'. [D:\EndUser\hitesh\shreshtproject\WebApplication1\WebApplication1.csproj]
D:\EndUser\hitesh\shreshtproject\WebApplication1\Services\AdminNotificationService.cs(287,139): warning CS8604: Possible null reference argument for parameter 'body' in 'Task<int> INotificationService.SendMulticastPushNotificationAsync(List<string> tokens, string title, string body, Dictionary<string, string> data = null)'. [D:\EndUser\hitesh\shreshtproject\WebApplication1\WebApplication1.csproj]
D:\EndUser\hitesh\shreshtproject\WebApplication1\Services\AdminAttendanceService.cs(562,31): warning CS8629: Nullable value type may be null. [D:\EndUser\hitesh\shreshtproject\WebApplication1\WebApplication1.csproj]
D:\EndUser\hitesh\shreshtproject\WebApplication1\Services\AuthService.cs(59,33): warning CS8601: Possible null reference assignment. [D:\EndUser\hitesh\shreshtproject\WebApplication1\WebApplication1.csproj]
D:\EndUser\hitesh\shreshtproject\WebApplication1\Services\AuthService.cs(60,32): warning CS8601: Possible null reference assignment. [D:\EndUser\hitesh\shreshtproject\WebApplication1\WebApplication1.csproj]
D:\EndUser\hitesh\shreshtproject\WebApplication1\Services\AuthService.cs(61,29): warning CS8601: Possible null reference assignment. [D:\EndUser\hitesh\shreshtproject\WebApplication1\WebApplication1.csproj]
D:\EndUser\hitesh\shreshtproject\WebApplication1\Services\AuthService.cs(62,30): warning CS8601: Possible null reference assignment. [D:\EndUser\hitesh\shreshtproject\WebApplication1\WebApplication1.csproj]
D:\EndUser\hitesh\shreshtproject\WebApplication1\Services\AuthService.cs(63,28): warning CS8601: Possible null reference assignment. [D:\EndUser\hitesh\shreshtproject\WebApplication1\WebApplication1.csproj]
D:\EndUser\hitesh\shreshtproject\WebApplication1\Services\AuthService.cs(64,31): warning CS8601: Possible null reference assignment. [D:\EndUser\hitesh\shreshtproject\WebApplication1\WebApplication1.csproj]
D:\EndUser\hitesh\shreshtproject\WebApplication1\Services\AuthService.cs(65,36): warning CS8601: Possible null reference assignment. [D:\EndUser\hitesh\shreshtproject\WebApplication1\WebApplication1.csproj]
D:\EndUser\hitesh\shreshtproject\WebApplication1\Services\AuthService.cs(94,78): warning CS8600: Converting null literal or possible null value to non-nullable type. [D:\EndUser\hitesh\shreshtproject\WebApplication1\WebApplication1.csproj]
D:\EndUser\hitesh\shreshtproject\WebApplication1\Services\AuthService.cs(117,85): warning CS8604: Possible null reference argument for parameter 'matchExpression' in 'bool NpgsqlDbFunctionsExtensions.ILike(DbFunctions _, string matchExpression, string pattern)'. [D:\EndUser\hitesh\shreshtproject\WebApplication1\WebApplication1.csproj]
D:\EndUser\hitesh\shreshtproject\WebApplication1\Services\AuthService.cs(117,94): warning CS8604: Possible null reference argument for parameter 'pattern' in 'bool NpgsqlDbFunctionsExtensions.ILike(DbFunctions _, string matchExpression, string pattern)'. [D:\EndUser\hitesh\shreshtproject\WebApplication1\WebApplication1.csproj]
D:\EndUser\hitesh\shreshtproject\WebApplication1\Services\AuthService.cs(131,36): warning CS8601: Possible null reference assignment. [D:\EndUser\hitesh\shreshtproject\WebApplication1\WebApplication1.csproj]
D:\EndUser\hitesh\shreshtproject\WebApplication1\Services\AuthService.cs(134,37): warning CS8601: Possible null reference assignment. [D:\EndUser\hitesh\shreshtproject\WebApplication1\WebApplication1.csproj]
D:\EndUser\hitesh\shreshtproject\WebApplication1\Services\AuthService.cs(135,36): warning CS8601: Possible null reference assignment. [D:\EndUser\hitesh\shreshtproject\WebApplication1\WebApplication1.csproj]
D:\EndUser\hitesh\shreshtproject\WebApplication1\Services\AuthService.cs(191,70): warning CS8604: Possible null reference argument for parameter 'toEmail' in 'Task IEmailService.SendWelcomeEmailAsync(string toEmail, string firstName, string lastName)'. [D:\EndUser\hitesh\shreshtproject\WebApplication1\WebApplication1.csproj]
D:\EndUser\hitesh\shreshtproject\WebApplication1\Services\AuthService.cs(191,82): warning CS8604: Possible null reference argument for parameter 'firstName' in 'Task IEmailService.SendWelcomeEmailAsync(string toEmail, string firstName, string lastName)'. [D:\EndUser\hitesh\shreshtproject\WebApplication1\WebApplication1.csproj]
D:\EndUser\hitesh\shreshtproject\WebApplication1\Services\AuthService.cs(191,98): warning CS8604: Possible null reference argument for parameter 'lastName' in 'Task IEmailService.SendWelcomeEmailAsync(string toEmail, string firstName, string lastName)'. [D:\EndUser\hitesh\shreshtproject\WebApplication1\WebApplication1.csproj]
D:\EndUser\hitesh\shreshtproject\WebApplication1\Services\AuthService.cs(385,29): warning CS8601: Possible null reference assignment. [D:\EndUser\hitesh\shreshtproject\WebApplication1\WebApplication1.csproj]
D:\EndUser\hitesh\shreshtproject\WebApplication1\Services\AuthService.cs(418,30): warning CS8601: Possible null reference assignment. [D:\EndUser\hitesh\shreshtproject\WebApplication1\WebApplication1.csproj]
D:\EndUser\hitesh\shreshtproject\WebApplication1\Services\AuthService.cs(615,314): warning CS8604: Possible null reference argument for parameter 'permissionsJson' in 'object AuthService.ParsePermissions(string permissionsJson)'. [D:\EndUser\hitesh\shreshtproject\WebApplication1\WebApplication1.csproj]
D:\EndUser\hitesh\shreshtproject\WebApplication1\Services\AuthService.cs(672,65): warning CS8604: Possible null reference argument for parameter 'phoneNumber' in 'Task<bool> WhatsAppNotificationService.SendTextMessageAsync(string phoneNumber, string message)'. [D:\EndUser\hitesh\shreshtproject\WebApplication1\WebApplication1.csproj]
D:\EndUser\hitesh\shreshtproject\WebApplication1\Services\StudentSeatService.cs(76,34): warning CS8600: Converting null literal or possible null value to non-nullable type. [D:\EndUser\hitesh\shreshtproject\WebApplication1\WebApplication1.csproj]
D:\EndUser\hitesh\shreshtproject\WebApplication1\Services\AuthService.cs(722,46): warning CS8600: Converting null literal or possible null value to non-nullable type. [D:\EndUser\hitesh\shreshtproject\WebApplication1\WebApplication1.csproj]
D:\EndUser\hitesh\shreshtproject\WebApplication1\Services\AuthService.cs(726,24): warning CS8600: Converting null literal or possible null value to non-nullable type. [D:\EndUser\hitesh\shreshtproject\WebApplication1\WebApplication1.csproj]
D:\EndUser\hitesh\shreshtproject\WebApplication1\Services\AuthService.cs(733,24): warning CS8600: Converting null literal or possible null value to non-nullable type. [D:\EndUser\hitesh\shreshtproject\WebApplication1\WebApplication1.csproj]
D:\EndUser\hitesh\shreshtproject\WebApplication1\Services\NotificationDispatcher.cs(136,68): error CS0411: The type arguments for method 'TupleExtensions.Deconstruct<T1, T2>(Tuple<T1, T2>, out T1, out T2)' cannot be inferred from the usage. Try specifying the type arguments explicitly. [D:\EndUser\hitesh\shreshtproject\WebApplication1\WebApplication1.csproj]
D:\EndUser\hitesh\shreshtproject\WebApplication1\Services\NotificationDispatcher.cs(136,68): error CS8129: No suitable 'Deconstruct' instance or extension method was found for type 'int', with 2 out parameters and a void return type. [D:\EndUser\hitesh\shreshtproject\WebApplication1\WebApplication1.csproj]
D:\EndUser\hitesh\shreshtproject\WebApplication1\Services\NotificationDispatcher.cs(136,38): error CS8130: Cannot infer the type of implicitly-typed deconstruction variable 'successCount'. [D:\EndUser\hitesh\shreshtproject\WebApplication1\WebApplication1.csproj]
D:\EndUser\hitesh\shreshtproject\WebApplication1\Services\NotificationDispatcher.cs(136,52): error CS8130: Cannot infer the type of implicitly-typed deconstruction variable 'failedTokens'. [D:\EndUser\hitesh\shreshtproject\WebApplication1\WebApplication1.csproj]
D:\EndUser\hitesh\shreshtproject\WebApplication1\Services\AdminBillingService.cs(1122,28): warning CS8625: Cannot convert null literal to non-nullable reference type. [D:\EndUser\hitesh\shreshtproject\WebApplication1\WebApplication1.csproj]
D:\EndUser\hitesh\shreshtproject\WebApplication1\Services\AdminBillingService.cs(1183,28): warning CS8625: Cannot convert null literal to non-nullable reference type. [D:\EndUser\hitesh\shreshtproject\WebApplication1\WebApplication1.csproj]

Build FAILED.

D:\EndUser\hitesh\shreshtproject\WebApplication1\Services\EmailService.cs(460,32): warning CS8625: Cannot convert null literal to non-nullable reference type. [D:\EndUser\hitesh\shreshtproject\WebApplication1\WebApplication1.csproj]
D:\EndUser\hitesh\shreshtproject\WebApplication1\Services\EmailService.cs(464,29): warning CS8625: Cannot convert null literal to non-nullable reference type. [D:\EndUser\hitesh\shreshtproject\WebApplication1\WebApplication1.csproj]
D:\EndUser\hitesh\shreshtproject\WebApplication1\Services\EmailService.cs(465,75): warning CS8625: Cannot convert null literal to non-nullable reference type. [D:\EndUser\hitesh\shreshtproject\WebApplication1\WebApplication1.csproj]
D:\EndUser\hitesh\shreshtproject\WebApplication1\Services\FirebaseNotificationService.cs(13,121): warning CS8625: Cannot convert null literal to non-nullable reference type. [D:\EndUser\hitesh\shreshtproject\WebApplication1\WebApplication1.csproj]
D:\EndUser\hitesh\shreshtproject\WebApplication1\Services\FirebaseNotificationService.cs(14,136): warning CS8625: Cannot convert null literal to non-nullable reference type. [D:\EndUser\hitesh\shreshtproject\WebApplication1\WebApplication1.csproj]
D:\EndUser\hitesh\shreshtproject\WebApplication1\Services\FirebaseNotificationService.cs(57,134): warning CS8625: Cannot convert null literal to non-nullable reference type. [D:\EndUser\hitesh\shreshtproject\WebApplication1\WebApplication1.csproj]
D:\EndUser\hitesh\shreshtproject\WebApplication1\Services\FirebaseNotificationService.cs(97,149): warning CS8625: Cannot convert null literal to non-nullable reference type. [D:\EndUser\hitesh\shreshtproject\WebApplication1\WebApplication1.csproj]
D:\EndUser\hitesh\shreshtproject\WebApplication1\Services\EmailService.cs(75,175): warning CS8625: Cannot convert null literal to non-nullable reference type. [D:\EndUser\hitesh\shreshtproject\WebApplication1\WebApplication1.csproj]
D:\EndUser\hitesh\shreshtproject\WebApplication1\Services\EmailService.cs(75,205): warning CS8625: Cannot convert null literal to non-nullable reference type. [D:\EndUser\hitesh\shreshtproject\WebApplication1\WebApplication1.csproj]
D:\EndUser\hitesh\shreshtproject\WebApplication1\Controllers\AdminSeatsController.cs(28,27): warning CS8618: Non-nullable property 'Floor' must contain a non-null value when exiting constructor. Consider adding the 'required' modifier or declaring the property as nullable. [D:\EndUser\hitesh\shreshtproject\WebApplication1\WebApplication1.csproj]
D:\EndUser\hitesh\shreshtproject\WebApplication1\Controllers\AdminSeatsController.cs(31,27): warning CS8618: Non-nullable property 'Row' must contain a non-null value when exiting constructor. Consider adding the 'required' modifier or declaring the property as nullable. [D:\EndUser\hitesh\shreshtproject\WebApplication1\WebApplication1.csproj]
D:\EndUser\hitesh\shreshtproject\WebApplication1\Controllers\AdminSeatsController.cs(34,27): warning CS8618: Non-nullable property 'SeatNumber' must contain a non-null value when exiting constructor. Consider adding the 'required' modifier or declaring the property as nullable. [D:\EndUser\hitesh\shreshtproject\WebApplication1\WebApplication1.csproj]
D:\EndUser\hitesh\shreshtproject\WebApplication1\Controllers\AdminSeatsController.cs(48,27): warning CS8618: Non-nullable property 'Name' must contain a non-null value when exiting constructor. Consider adding the 'required' modifier or declaring the property as nullable. [D:\EndUser\hitesh\shreshtproject\WebApplication1\WebApplication1.csproj]
D:\EndUser\hitesh\shreshtproject\WebApplication1\Controllers\AdminSettingsController.cs(31,66): warning CS8604: Possible null reference argument for parameter 'role' in 'Task<ServiceResult<object>> IAdminSettingsService.GetSettingsAsync(string role, CancellationToken ct = default(CancellationToken))'. [D:\EndUser\hitesh\shreshtproject\WebApplication1\WebApplication1.csproj]
D:\EndUser\hitesh\shreshtproject\WebApplication1\Controllers\AdminSettingsController.cs(42,78): warning CS8604: Possible null reference argument for parameter 'role' in 'Task<ServiceResult<object>> IAdminSettingsService.UpdateSettingsAsync(SettingsPayload payload, string role, CancellationToken ct = default(CancellationToken))'. [D:\EndUser\hitesh\shreshtproject\WebApplication1\WebApplication1.csproj]
D:\EndUser\hitesh\shreshtproject\WebApplication1\Controllers\AuthController.cs(50,68): warning CS8604: Possible null reference argument for parameter 'ipAddress' in 'Task<ServiceResult<object>> IAuthService.RegisterAsync(UserRegisterRequest request, string ipAddress, CancellationToken ct = default(CancellationToken))'. [D:\EndUser\hitesh\shreshtproject\WebApplication1\WebApplication1.csproj]
D:\EndUser\hitesh\shreshtproject\WebApplication1\Controllers\AuthController.cs(209,23): warning CS8618: Non-nullable property 'Email' must contain a non-null value when exiting constructor. Consider adding the 'required' modifier or declaring the property as nullable. [D:\EndUser\hitesh\shreshtproject\WebApplication1\WebApplication1.csproj]
D:\EndUser\hitesh\shreshtproject\WebApplication1\Controllers\AuthController.cs(212,23): warning CS8618: Non-nullable property 'Mobile' must contain a non-null value when exiting constructor. Consider adding the 'required' modifier or declaring the property as nullable. [D:\EndUser\hitesh\shreshtproject\WebApplication1\WebApplication1.csproj]
D:\EndUser\hitesh\shreshtproject\WebApplication1\Controllers\AuthController.cs(217,23): warning CS8618: Non-nullable property 'Username' must contain a non-null value when exiting constructor. Consider adding the 'required' modifier or declaring the property as nullable. [D:\EndUser\hitesh\shreshtproject\WebApplication1\WebApplication1.csproj]
D:\EndUser\hitesh\shreshtproject\WebApplication1\Controllers\AuthController.cs(218,23): warning CS8618: Non-nullable property 'Password' must contain a non-null value when exiting constructor. Consider adding the 'required' modifier or declaring the property as nullable. [D:\EndUser\hitesh\shreshtproject\WebApplication1\WebApplication1.csproj]
D:\EndUser\hitesh\shreshtproject\WebApplication1\Controllers\AuthController.cs(224,23): warning CS8618: Non-nullable property 'Email' must contain a non-null value when exiting constructor. Consider adding the 'required' modifier or declaring the property as nullable. [D:\EndUser\hitesh\shreshtproject\WebApplication1\WebApplication1.csproj]
D:\EndUser\hitesh\shreshtproject\WebApplication1\Controllers\AuthController.cs(227,23): warning CS8618: Non-nullable property 'Password' must contain a non-null value when exiting constructor. Consider adding the 'required' modifier or declaring the property as nullable. [D:\EndUser\hitesh\shreshtproject\WebApplication1\WebApplication1.csproj]
D:\EndUser\hitesh\shreshtproject\WebApplication1\Controllers\AuthController.cs(233,23): warning CS8618: Non-nullable property 'Mobile' must contain a non-null value when exiting constructor. Consider adding the 'required' modifier or declaring the property as nullable. [D:\EndUser\hitesh\shreshtproject\WebApplication1\WebApplication1.csproj]
D:\EndUser\hitesh\shreshtproject\WebApplication1\Controllers\AuthController.cs(236,23): warning CS8618: Non-nullable property 'Password' must contain a non-null value when exiting constructor. Consider adding the 'required' modifier or declaring the property as nullable. [D:\EndUser\hitesh\shreshtproject\WebApplication1\WebApplication1.csproj]
D:\EndUser\hitesh\shreshtproject\WebApplication1\Controllers\AdminSeatsController.cs(60,27): warning CS8618: Non-nullable property 'Label' must contain a non-null value when exiting constructor. Consider adding the 'required' modifier or declaring the property as nullable. [D:\EndUser\hitesh\shreshtproject\WebApplication1\WebApplication1.csproj]
D:\EndUser\hitesh\shreshtproject\WebApplication1\Controllers\AuthController.cs(90,67): warning CS8604: Possible null reference argument for parameter 'ipAddress' in 'Task<ServiceResult<object>> IAuthService.SendOtpAsync(SendOtpRequest request, string ipAddress, string path, string method, CancellationToken ct = default(CancellationToken))'. [D:\EndUser\hitesh\shreshtproject\WebApplication1\WebApplication1.csproj]
D:\EndUser\hitesh\shreshtproject\WebApplication1\Controllers\AuthController.cs(100,69): warning CS8604: Possible null reference argument for parameter 'ipAddress' in 'Task<ServiceResult<object>> IAuthService.VerifyOtpAsync(VerifyOtpRequest request, string ipAddress, string path, string method, CancellationToken ct = default(CancellationToken))'. [D:\EndUser\hitesh\shreshtproject\WebApplication1\WebApplication1.csproj]
D:\EndUser\hitesh\shreshtproject\WebApplication1\Controllers\AdminSeatsController.cs(68,27): warning CS8618: Non-nullable property 'Status' must contain a non-null value when exiting constructor. Consider adding the 'required' modifier or declaring the property as nullable. [D:\EndUser\hitesh\shreshtproject\WebApplication1\WebApplication1.csproj]
D:\EndUser\hitesh\shreshtproject\WebApplication1\Controllers\AdminStudentsController.cs(52,119): warning CS8604: Possible null reference argument for parameter 'host' in 'Task<ServiceResult<object>> IStudentAdminService.GetStudentsAsync(int page, int pageSize, string search, string status, string scheme, string host, CancellationToken ct = default(CancellationToken))'. [D:\EndUser\hitesh\shreshtproject\WebApplication1\WebApplication1.csproj]
D:\EndUser\hitesh\shreshtproject\WebApplication1\Controllers\AuthController.cs(109,70): warning CS8604: Possible null reference argument for parameter 'ipAddress' in 'Task<ServiceResult<object>> IAuthService.LoginEmailAsync(LoginEmailRequest request, string ipAddress, string path, string method, CancellationToken ct = default(CancellationToken))'. [D:\EndUser\hitesh\shreshtproject\WebApplication1\WebApplication1.csproj]
D:\EndUser\hitesh\shreshtproject\WebApplication1\Controllers\AuthController.cs(242,23): warning CS8618: Non-nullable property 'FirstName' must contain a non-null value when exiting constructor. Consider adding the 'required' modifier or declaring the property as nullable. [D:\EndUser\hitesh\shreshtproject\WebApplication1\WebApplication1.csproj]
D:\EndUser\hitesh\shreshtproject\WebApplication1\Controllers\AuthController.cs(245,23): warning CS8618: Non-nullable property 'LastName' must contain a non-null value when exiting constructor. Consider adding the 'required' modifier or declaring the property as nullable. [D:\EndUser\hitesh\shreshtproject\WebApplication1\WebApplication1.csproj]
D:\EndUser\hitesh\shreshtproject\WebApplication1\Controllers\AuthController.cs(248,23): warning CS8618: Non-nullable property 'Email' must contain a non-null value when exiting constructor. Consider adding the 'required' modifier or declaring the property as nullable. [D:\EndUser\hitesh\shreshtproject\WebApplication1\WebApplication1.csproj]
D:\EndUser\hitesh\shreshtproject\WebApplication1\Controllers\AuthController.cs(251,23): warning CS8618: Non-nullable property 'Mobile' must contain a non-null value when exiting constructor. Consider adding the 'required' modifier or declaring the property as nullable. [D:\EndUser\hitesh\shreshtproject\WebApplication1\WebApplication1.csproj]
D:\EndUser\hitesh\shreshtproject\WebApplication1\Controllers\AuthController.cs(254,23): warning CS8618: Non-nullable property 'Password' must contain a non-null value when exiting constructor. Consider adding the 'required' modifier or declaring the property as nullable. [D:\EndUser\hitesh\shreshtproject\WebApplication1\WebApplication1.csproj]
D:\EndUser\hitesh\shreshtproject\WebApplication1\Controllers\AuthController.cs(257,23): warning CS8618: Non-nullable property 'ConfirmPassword' must contain a non-null value when exiting constructor. Consider adding the 'required' modifier or declaring the property as nullable. [D:\EndUser\hitesh\shreshtproject\WebApplication1\WebApplication1.csproj]
D:\EndUser\hitesh\shreshtproject\WebApplication1\Controllers\AuthController.cs(260,23): warning CS8618: Non-nullable property 'Goal' must contain a non-null value when exiting constructor. Consider adding the 'required' modifier or declaring the property as nullable. [D:\EndUser\hitesh\shreshtproject\WebApplication1\WebApplication1.csproj]
D:\EndUser\hitesh\shreshtproject\WebApplication1\Controllers\AuthController.cs(266,23): warning CS8618: Non-nullable property 'Address' must contain a non-null value when exiting constructor. Consider adding the 'required' modifier or declaring the property as nullable. [D:\EndUser\hitesh\shreshtproject\WebApplication1\WebApplication1.csproj]
D:\EndUser\hitesh\shreshtproject\WebApplication1\Controllers\AuthController.cs(269,23): warning CS8618: Non-nullable property 'ParentMobile' must contain a non-null value when exiting constructor. Consider adding the 'required' modifier or declaring the property as nullable. [D:\EndUser\hitesh\shreshtproject\WebApplication1\WebApplication1.csproj]
D:\EndUser\hitesh\shreshtproject\WebApplication1\Controllers\AuthController.cs(272,23): warning CS8618: Non-nullable property 'Otp' must contain a non-null value when exiting constructor. Consider adding the 'required' modifier or declaring the property as nullable. [D:\EndUser\hitesh\shreshtproject\WebApplication1\WebApplication1.csproj]
D:\EndUser\hitesh\shreshtproject\WebApplication1\Controllers\AuthController.cs(275,23): warning CS8618: Non-nullable property 'Gender' must contain a non-null value when exiting constructor. Consider adding the 'required' modifier or declaring the property as nullable. [D:\EndUser\hitesh\shreshtproject\WebApplication1\WebApplication1.csproj]
D:\EndUser\hitesh\shreshtproject\WebApplication1\Controllers\AuthController.cs(280,23): warning CS8618: Non-nullable property 'Mobile' must contain a non-null value when exiting constructor. Consider adding the 'required' modifier or declaring the property as nullable. [D:\EndUser\hitesh\shreshtproject\WebApplication1\WebApplication1.csproj]
D:\EndUser\hitesh\shreshtproject\WebApplication1\Controllers\AdminStudentsController.cs(61,95): warning CS8604: Possible null reference argument for parameter 'host' in 'Task<ServiceResult<object>> IStudentAdminService.GetStudentDetailAsync(string pk, string scheme, string host, CancellationToken ct = default(CancellationToken))'. [D:\EndUser\hitesh\shreshtproject\WebApplication1\WebApplication1.csproj]
D:\EndUser\hitesh\shreshtproject\WebApplication1\Controllers\AuthController.cs(118,71): warning CS8604: Possible null reference argument for parameter 'ipAddress' in 'Task<ServiceResult<object>> IAuthService.LoginMobileAsync(LoginMobileRequest request, string ipAddress, string path, string method, CancellationToken ct = default(CancellationToken))'. [D:\EndUser\hitesh\shreshtproject\WebApplication1\WebApplication1.csproj]
D:\EndUser\hitesh\shreshtproject\WebApplication1\Controllers\AuthController.cs(128,70): warning CS8604: Possible null reference argument for parameter 'ipAddress' in 'Task<ServiceResult<object>> IAuthService.AdminLoginAsync(AdminLoginRequest request, string ipAddress, string path, string method, CancellationToken ct = default(CancellationToken))'. [D:\EndUser\hitesh\shreshtproject\WebApplication1\WebApplication1.csproj]
D:\EndUser\hitesh\shreshtproject\WebApplication1\Controllers\AuthController.cs(285,23): warning CS8618: Non-nullable property 'Mobile' must contain a non-null value when exiting constructor. Consider adding the 'required' modifier or declaring the property as nullable. [D:\EndUser\hitesh\shreshtproject\WebApplication1\WebApplication1.csproj]
D:\EndUser\hitesh\shreshtproject\WebApplication1\Controllers\AuthController.cs(286,23): warning CS8618: Non-nullable property 'Otp' must contain a non-null value when exiting constructor. Consider adding the 'required' modifier or declaring the property as nullable. [D:\EndUser\hitesh\shreshtproject\WebApplication1\WebApplication1.csproj]
D:\EndUser\hitesh\shreshtproject\WebApplication1\Controllers\AuthController.cs(292,23): warning CS8618: Non-nullable property 'Identifier' must contain a non-null value when exiting constructor. Consider adding the 'required' modifier or declaring the property as nullable. [D:\EndUser\hitesh\shreshtproject\WebApplication1\WebApplication1.csproj]
D:\EndUser\hitesh\shreshtproject\WebApplication1\Controllers\AuthController.cs(137,74): warning CS8604: Possible null reference argument for parameter 'ipAddress' in 'Task<ServiceResult<object>> IAuthService.ForgotPasswordAsync(ForgotPasswordRequest request, string ipAddress, string path, string method, CancellationToken ct = default(CancellationToken))'. [D:\EndUser\hitesh\shreshtproject\WebApplication1\WebApplication1.csproj]
D:\EndUser\hitesh\shreshtproject\WebApplication1\Controllers\AuthController.cs(298,23): warning CS8618: Non-nullable property 'Identifier' must contain a non-null value when exiting constructor. Consider adding the 'required' modifier or declaring the property as nullable. [D:\EndUser\hitesh\shreshtproject\WebApplication1\WebApplication1.csproj]
D:\EndUser\hitesh\shreshtproject\WebApplication1\Controllers\AuthController.cs(301,23): warning CS8618: Non-nullable property 'Token' must contain a non-null value when exiting constructor. Consider adding the 'required' modifier or declaring the property as nullable. [D:\EndUser\hitesh\shreshtproject\WebApplication1\WebApplication1.csproj]
D:\EndUser\hitesh\shreshtproject\WebApplication1\Controllers\AdminSeatsController.cs(76,27): warning CS8618: Non-nullable property 'StudentId' must contain a non-null value when exiting constructor. Consider adding the 'required' modifier or declaring the property as nullable. [D:\EndUser\hitesh\shreshtproject\WebApplication1\WebApplication1.csproj]
D:\EndUser\hitesh\shreshtproject\WebApplication1\Controllers\AuthController.cs(155,73): warning CS8604: Possible null reference argument for parameter 'ipAddress' in 'Task<ServiceResult<object>> IAuthService.ResetPasswordAsync(ResetPasswordRequest request, string ipAddress, string path, string method, CancellationToken ct = default(CancellationToken))'. [D:\EndUser\hitesh\shreshtproject\WebApplication1\WebApplication1.csproj]
D:\EndUser\hitesh\shreshtproject\WebApplication1\Controllers\AuthController.cs(307,23): warning CS8618: Non-nullable property 'Identifier' must contain a non-null value when exiting constructor. Consider adding the 'required' modifier or declaring the property as nullable. [D:\EndUser\hitesh\shreshtproject\WebApplication1\WebApplication1.csproj]
D:\EndUser\hitesh\shreshtproject\WebApplication1\Controllers\AuthController.cs(310,23): warning CS8618: Non-nullable property 'Token' must contain a non-null value when exiting constructor. Consider adding the 'required' modifier or declaring the property as nullable. [D:\EndUser\hitesh\shreshtproject\WebApplication1\WebApplication1.csproj]
D:\EndUser\hitesh\shreshtproject\WebApplication1\Controllers\AuthController.cs(313,23): warning CS8618: Non-nullable property 'NewPassword' must contain a non-null value when exiting constructor. Consider adding the 'required' modifier or declaring the property as nullable. [D:\EndUser\hitesh\shreshtproject\WebApplication1\WebApplication1.csproj]
D:\EndUser\hitesh\shreshtproject\WebApplication1\Controllers\AuthController.cs(318,23): warning CS8618: Non-nullable property 'Refresh' must contain a non-null value when exiting constructor. Consider adding the 'required' modifier or declaring the property as nullable. [D:\EndUser\hitesh\shreshtproject\WebApplication1\WebApplication1.csproj]
D:\EndUser\hitesh\shreshtproject\WebApplication1\Controllers\AuthController.cs(323,23): warning CS8618: Non-nullable property 'Refresh' must contain a non-null value when exiting constructor. Consider adding the 'required' modifier or declaring the property as nullable. [D:\EndUser\hitesh\shreshtproject\WebApplication1\WebApplication1.csproj]
D:\EndUser\hitesh\shreshtproject\WebApplication1\Controllers\AuthController.cs(329,23): warning CS8618: Non-nullable property 'OldPassword' must contain a non-null value when exiting constructor. Consider adding the 'required' modifier or declaring the property as nullable. [D:\EndUser\hitesh\shreshtproject\WebApplication1\WebApplication1.csproj]
D:\EndUser\hitesh\shreshtproject\WebApplication1\Controllers\AuthController.cs(331,23): warning CS8618: Non-nullable property 'NewPassword' must contain a non-null value when exiting constructor. Consider adding the 'required' modifier or declaring the property as nullable. [D:\EndUser\hitesh\shreshtproject\WebApplication1\WebApplication1.csproj]
D:\EndUser\hitesh\shreshtproject\WebApplication1\Controllers\AuthController.cs(333,23): warning CS8618: Non-nullable property 'ConfirmPassword' must contain a non-null value when exiting constructor. Consider adding the 'required' modifier or declaring the property as nullable. [D:\EndUser\hitesh\shreshtproject\WebApplication1\WebApplication1.csproj]
D:\EndUser\hitesh\shreshtproject\WebApplication1\Controllers\AuthController.cs(167,78): warning CS8604: Possible null reference argument for parameter 'currentUserIdStr' in 'Task<ServiceResult<object>> IAuthService.LogoutAsync(LogoutRequest request, string authHeader, string currentUserIdStr, string role, string ipAddress, string path, string method, CancellationToken ct = default(CancellationToken))'. [D:\EndUser\hitesh\shreshtproject\WebApplication1\WebApplication1.csproj]
D:\EndUser\hitesh\shreshtproject\WebApplication1\Controllers\AuthController.cs(167,96): warning CS8604: Possible null reference argument for parameter 'role' in 'Task<ServiceResult<object>> IAuthService.LogoutAsync(LogoutRequest request, string authHeader, string currentUserIdStr, string role, string ipAddress, string path, string method, CancellationToken ct = default(CancellationToken))'. [D:\EndUser\hitesh\shreshtproject\WebApplication1\WebApplication1.csproj]
D:\EndUser\hitesh\shreshtproject\WebApplication1\Controllers\AuthController.cs(167,102): warning CS8604: Possible null reference argument for parameter 'ipAddress' in 'Task<ServiceResult<object>> IAuthService.LogoutAsync(LogoutRequest request, string authHeader, string currentUserIdStr, string role, string ipAddress, string path, string method, CancellationToken ct = default(CancellationToken))'. [D:\EndUser\hitesh\shreshtproject\WebApplication1\WebApplication1.csproj]
D:\EndUser\hitesh\shreshtproject\WebApplication1\Controllers\AuthController.cs(187,74): warning CS8604: Possible null reference argument for parameter 'userIdStr' in 'Task<ServiceResult<object>> IAuthService.ChangePasswordAsync(ChangePasswordRequest request, string userIdStr, CancellationToken ct = default(CancellationToken))'. [D:\EndUser\hitesh\shreshtproject\WebApplication1\WebApplication1.csproj]
D:\EndUser\hitesh\shreshtproject\WebApplication1\Controllers\AdminSeatsController.cs(88,30): warning CS8618: Non-nullable property 'SeatIds' must contain a non-null value when exiting constructor. Consider adding the 'required' modifier or declaring the property as nullable. [D:\EndUser\hitesh\shreshtproject\WebApplication1\WebApplication1.csproj]
D:\EndUser\hitesh\shreshtproject\WebApplication1\Controllers\AdminStudentsController.cs(111,112): warning CS8604: Possible null reference argument for parameter 'host' in 'Task<ServiceResult<object>> IStudentAdminService.UploadStudentPhotoAsync(string pk, IFormFile photo, string scheme, string host, CancellationToken ct = default(CancellationToken))'. [D:\EndUser\hitesh\shreshtproject\WebApplication1\WebApplication1.csproj]
D:\EndUser\hitesh\shreshtproject\WebApplication1\Controllers\AdminLibraryController.cs(275,57): warning CS8618: Non-nullable property 'Image' must contain a non-null value when exiting constructor. Consider adding the 'required' modifier or declaring the property as nullable. [D:\EndUser\hitesh\shreshtproject\WebApplication1\WebApplication1.csproj]
D:\EndUser\hitesh\shreshtproject\WebApplication1\Controllers\StudentController.cs(130,82): warning CS8604: Possible null reference argument for parameter 'code' in 'Task<ApiResponse<object>> IStudentReferralService.ApplyReferralAsync(long userId, string code, CancellationToken ct = default(CancellationToken))'. [D:\EndUser\hitesh\shreshtproject\WebApplication1\WebApplication1.csproj]
D:\EndUser\hitesh\shreshtproject\WebApplication1\Models\DTOs\Auth\FcmTokenUpdateDto.cs(5,23): warning CS8618: Non-nullable property 'Token' must contain a non-null value when exiting constructor. Consider adding the 'required' modifier or declaring the property as nullable. [D:\EndUser\hitesh\shreshtproject\WebApplication1\WebApplication1.csproj]
D:\EndUser\hitesh\shreshtproject\WebApplication1\Services\AuthService.cs(36,130): warning CS8604: Possible null reference argument for parameter 'matchExpression' in 'bool NpgsqlDbFunctionsExtensions.ILike(DbFunctions _, string matchExpression, string pattern)'. [D:\EndUser\hitesh\shreshtproject\WebApplication1\WebApplication1.csproj]
D:\EndUser\hitesh\shreshtproject\WebApplication1\Services\EmailService.cs(60,41): warning CS8603: Possible null reference return. [D:\EndUser\hitesh\shreshtproject\WebApplication1\WebApplication1.csproj]
D:\EndUser\hitesh\shreshtproject\WebApplication1\Services\EmailService.cs(213,28): warning CS8625: Cannot convert null literal to non-nullable reference type. [D:\EndUser\hitesh\shreshtproject\WebApplication1\WebApplication1.csproj]
D:\EndUser\hitesh\shreshtproject\WebApplication1\Services\EmailService.cs(324,29): warning CS8625: Cannot convert null literal to non-nullable reference type. [D:\EndUser\hitesh\shreshtproject\WebApplication1\WebApplication1.csproj]
D:\EndUser\hitesh\shreshtproject\WebApplication1\Services\EmailService.cs(343,29): warning CS8625: Cannot convert null literal to non-nullable reference type. [D:\EndUser\hitesh\shreshtproject\WebApplication1\WebApplication1.csproj]
D:\EndUser\hitesh\shreshtproject\WebApplication1\Services\AdminLibraryService.cs(268,63): warning CS8604: Possible null reference argument for parameter 'file' in 'Task<string?> ICloudinaryService.UploadImageAsync(IFormFile file, string folderName = "")'. [D:\EndUser\hitesh\shreshtproject\WebApplication1\WebApplication1.csproj]
D:\EndUser\hitesh\shreshtproject\WebApplication1\Services\EmailService.cs(384,29): warning CS8625: Cannot convert null literal to non-nullable reference type. [D:\EndUser\hitesh\shreshtproject\WebApplication1\WebApplication1.csproj]
D:\EndUser\hitesh\shreshtproject\WebApplication1\Services\EmailService.cs(404,29): warning CS8625: Cannot convert null literal to non-nullable reference type. [D:\EndUser\hitesh\shreshtproject\WebApplication1\WebApplication1.csproj]
D:\EndUser\hitesh\shreshtproject\WebApplication1\Services\AdminSettingsService.cs(203,62): warning CS8604: Possible null reference argument for parameter 'value' in 'Task UpdateGlobalSetting(string key, string value, string desc, CancellationToken cancellationToken)'. [D:\EndUser\hitesh\shreshtproject\WebApplication1\WebApplication1.csproj]
D:\EndUser\hitesh\shreshtproject\WebApplication1\Services\AdminSettingsService.cs(204,63): warning CS8604: Possible null reference argument for parameter 'value' in 'Task UpdateGlobalSetting(string key, string value, string desc, CancellationToken cancellationToken)'. [D:\EndUser\hitesh\shreshtproject\WebApplication1\WebApplication1.csproj]
D:\EndUser\hitesh\shreshtproject\WebApplication1\Services\AdminSettingsService.cs(206,58): warning CS8604: Possible null reference argument for parameter 'value' in 'Task UpdateGlobalSetting(string key, string value, string desc, CancellationToken cancellationToken)'. [D:\EndUser\hitesh\shreshtproject\WebApplication1\WebApplication1.csproj]
D:\EndUser\hitesh\shreshtproject\WebApplication1\Services\AdminSettingsService.cs(207,60): warning CS8604: Possible null reference argument for parameter 'value' in 'Task UpdateGlobalSetting(string key, string value, string desc, CancellationToken cancellationToken)'. [D:\EndUser\hitesh\shreshtproject\WebApplication1\WebApplication1.csproj]
D:\EndUser\hitesh\shreshtproject\WebApplication1\Services\AdminSettingsService.cs(221,68): warning CS8604: Possible null reference argument for parameter 'value' in 'Task UpdateGlobalSetting(string key, string value, string desc, CancellationToken cancellationToken)'. [D:\EndUser\hitesh\shreshtproject\WebApplication1\WebApplication1.csproj]
D:\EndUser\hitesh\shreshtproject\WebApplication1\Services\EmailService.cs(424,29): warning CS8625: Cannot convert null literal to non-nullable reference type. [D:\EndUser\hitesh\shreshtproject\WebApplication1\WebApplication1.csproj]
D:\EndUser\hitesh\shreshtproject\WebApplication1\Services\EmailService.cs(444,29): warning CS8625: Cannot convert null literal to non-nullable reference type. [D:\EndUser\hitesh\shreshtproject\WebApplication1\WebApplication1.csproj]
D:\EndUser\hitesh\shreshtproject\WebApplication1\Services\AdminSeatService.cs(140,63): warning CS8629: Nullable value type may be null. [D:\EndUser\hitesh\shreshtproject\WebApplication1\WebApplication1.csproj]
D:\EndUser\hitesh\shreshtproject\WebApplication1\Services\NotificationBackgroundService.cs(107,122): warning CS8604: Possible null reference argument for parameter 'title' in 'Task<int> INotificationService.SendMulticastPushNotificationAsync(List<string> tokens, string title, string body, Dictionary<string, string> data = null)'. [D:\EndUser\hitesh\shreshtproject\WebApplication1\WebApplication1.csproj]
D:\EndUser\hitesh\shreshtproject\WebApplication1\Services\NotificationBackgroundService.cs(107,142): warning CS8604: Possible null reference argument for parameter 'body' in 'Task<int> INotificationService.SendMulticastPushNotificationAsync(List<string> tokens, string title, string body, Dictionary<string, string> data = null)'. [D:\EndUser\hitesh\shreshtproject\WebApplication1\WebApplication1.csproj]
D:\EndUser\hitesh\shreshtproject\WebApplication1\Services\AttendanceBackgroundService.cs(257,46): warning CS8600: Converting null literal or possible null value to non-nullable type. [D:\EndUser\hitesh\shreshtproject\WebApplication1\WebApplication1.csproj]
D:\EndUser\hitesh\shreshtproject\WebApplication1\Services\AdminLibraryService.cs(364,64): warning CS8604: Possible null reference argument for parameter 'file' in 'Task<string?> ICloudinaryService.UploadImageAsync(IFormFile file, string folderName = "")'. [D:\EndUser\hitesh\shreshtproject\WebApplication1\WebApplication1.csproj]
D:\EndUser\hitesh\shreshtproject\WebApplication1\Services\AdminNotificationService.cs(287,119): warning CS8604: Possible null reference argument for parameter 'title' in 'Task<int> INotificationService.SendMulticastPushNotificationAsync(List<string> tokens, string title, string body, Dictionary<string, string> data = null)'. [D:\EndUser\hitesh\shreshtproject\WebApplication1\WebApplication1.csproj]
D:\EndUser\hitesh\shreshtproject\WebApplication1\Services\AdminNotificationService.cs(287,139): warning CS8604: Possible null reference argument for parameter 'body' in 'Task<int> INotificationService.SendMulticastPushNotificationAsync(List<string> tokens, string title, string body, Dictionary<string, string> data = null)'. [D:\EndUser\hitesh\shreshtproject\WebApplication1\WebApplication1.csproj]
D:\EndUser\hitesh\shreshtproject\WebApplication1\Services\AdminAttendanceService.cs(562,31): warning CS8629: Nullable value type may be null. [D:\EndUser\hitesh\shreshtproject\WebApplication1\WebApplication1.csproj]
D:\EndUser\hitesh\shreshtproject\WebApplication1\Services\AuthService.cs(59,33): warning CS8601: Possible null reference assignment. [D:\EndUser\hitesh\shreshtproject\WebApplication1\WebApplication1.csproj]
D:\EndUser\hitesh\shreshtproject\WebApplication1\Services\AuthService.cs(60,32): warning CS8601: Possible null reference assignment. [D:\EndUser\hitesh\shreshtproject\WebApplication1\WebApplication1.csproj]
D:\EndUser\hitesh\shreshtproject\WebApplication1\Services\AuthService.cs(61,29): warning CS8601: Possible null reference assignment. [D:\EndUser\hitesh\shreshtproject\WebApplication1\WebApplication1.csproj]
D:\EndUser\hitesh\shreshtproject\WebApplication1\Services\AuthService.cs(62,30): warning CS8601: Possible null reference assignment. [D:\EndUser\hitesh\shreshtproject\WebApplication1\WebApplication1.csproj]
D:\EndUser\hitesh\shreshtproject\WebApplication1\Services\AuthService.cs(63,28): warning CS8601: Possible null reference assignment. [D:\EndUser\hitesh\shreshtproject\WebApplication1\WebApplication1.csproj]
D:\EndUser\hitesh\shreshtproject\WebApplication1\Services\AuthService.cs(64,31): warning CS8601: Possible null reference assignment. [D:\EndUser\hitesh\shreshtproject\WebApplication1\WebApplication1.csproj]
D:\EndUser\hitesh\shreshtproject\WebApplication1\Services\AuthService.cs(65,36): warning CS8601: Possible null reference assignment. [D:\EndUser\hitesh\shreshtproject\WebApplication1\WebApplication1.csproj]
D:\EndUser\hitesh\shreshtproject\WebApplication1\Services\AuthService.cs(94,78): warning CS8600: Converting null literal or possible null value to non-nullable type. [D:\EndUser\hitesh\shreshtproject\WebApplication1\WebApplication1.csproj]
D:\EndUser\hitesh\shreshtproject\WebApplication1\Services\AuthService.cs(117,85): warning CS8604: Possible null reference argument for parameter 'matchExpression' in 'bool NpgsqlDbFunctionsExtensions.ILike(DbFunctions _, string matchExpression, string pattern)'. [D:\EndUser\hitesh\shreshtproject\WebApplication1\WebApplication1.csproj]
D:\EndUser\hitesh\shreshtproject\WebApplication1\Services\AuthService.cs(117,94): warning CS8604: Possible null reference argument for parameter 'pattern' in 'bool NpgsqlDbFunctionsExtensions.ILike(DbFunctions _, string matchExpression, string pattern)'. [D:\EndUser\hitesh\shreshtproject\WebApplication1\WebApplication1.csproj]
D:\EndUser\hitesh\shreshtproject\WebApplication1\Services\AuthService.cs(131,36): warning CS8601: Possible null reference assignment. [D:\EndUser\hitesh\shreshtproject\WebApplication1\WebApplication1.csproj]
D:\EndUser\hitesh\shreshtproject\WebApplication1\Services\AuthService.cs(134,37): warning CS8601: Possible null reference assignment. [D:\EndUser\hitesh\shreshtproject\WebApplication1\WebApplication1.csproj]
D:\EndUser\hitesh\shreshtproject\WebApplication1\Services\AuthService.cs(135,36): warning CS8601: Possible null reference assignment. [D:\EndUser\hitesh\shreshtproject\WebApplication1\WebApplication1.csproj]
D:\EndUser\hitesh\shreshtproject\WebApplication1\Services\AuthService.cs(191,70): warning CS8604: Possible null reference argument for parameter 'toEmail' in 'Task IEmailService.SendWelcomeEmailAsync(string toEmail, string firstName, string lastName)'. [D:\EndUser\hitesh\shreshtproject\WebApplication1\WebApplication1.csproj]
D:\EndUser\hitesh\shreshtproject\WebApplication1\Services\AuthService.cs(191,82): warning CS8604: Possible null reference argument for parameter 'firstName' in 'Task IEmailService.SendWelcomeEmailAsync(string toEmail, string firstName, string lastName)'. [D:\EndUser\hitesh\shreshtproject\WebApplication1\WebApplication1.csproj]
D:\EndUser\hitesh\shreshtproject\WebApplication1\Services\AuthService.cs(191,98): warning CS8604: Possible null reference argument for parameter 'lastName' in 'Task IEmailService.SendWelcomeEmailAsync(string toEmail, string firstName, string lastName)'. [D:\EndUser\hitesh\shreshtproject\WebApplication1\WebApplication1.csproj]
D:\EndUser\hitesh\shreshtproject\WebApplication1\Services\AuthService.cs(385,29): warning CS8601: Possible null reference assignment. [D:\EndUser\hitesh\shreshtproject\WebApplication1\WebApplication1.csproj]
D:\EndUser\hitesh\shreshtproject\WebApplication1\Services\AuthService.cs(418,30): warning CS8601: Possible null reference assignment. [D:\EndUser\hitesh\shreshtproject\WebApplication1\WebApplication1.csproj]
D:\EndUser\hitesh\shreshtproject\WebApplication1\Services\AuthService.cs(615,314): warning CS8604: Possible null reference argument for parameter 'permissionsJson' in 'object AuthService.ParsePermissions(string permissionsJson)'. [D:\EndUser\hitesh\shreshtproject\WebApplication1\WebApplication1.csproj]
D:\EndUser\hitesh\shreshtproject\WebApplication1\Services\AuthService.cs(672,65): warning CS8604: Possible null reference argument for parameter 'phoneNumber' in 'Task<bool> WhatsAppNotificationService.SendTextMessageAsync(string phoneNumber, string message)'. [D:\EndUser\hitesh\shreshtproject\WebApplication1\WebApplication1.csproj]
D:\EndUser\hitesh\shreshtproject\WebApplication1\Services\StudentSeatService.cs(76,34): warning CS8600: Converting null literal or possible null value to non-nullable type. [D:\EndUser\hitesh\shreshtproject\WebApplication1\WebApplication1.csproj]
D:\EndUser\hitesh\shreshtproject\WebApplication1\Services\AuthService.cs(722,46): warning CS8600: Converting null literal or possible null value to non-nullable type. [D:\EndUser\hitesh\shreshtproject\WebApplication1\WebApplication1.csproj]
D:\EndUser\hitesh\shreshtproject\WebApplication1\Services\AuthService.cs(726,24): warning CS8600: Converting null literal or possible null value to non-nullable type. [D:\EndUser\hitesh\shreshtproject\WebApplication1\WebApplication1.csproj]
D:\EndUser\hitesh\shreshtproject\WebApplication1\Services\AuthService.cs(733,24): warning CS8600: Converting null literal or possible null value to non-nullable type. [D:\EndUser\hitesh\shreshtproject\WebApplication1\WebApplication1.csproj]
D:\EndUser\hitesh\shreshtproject\WebApplication1\Services\AdminBillingService.cs(1122,28): warning CS8625: Cannot convert null literal to non-nullable reference type. [D:\EndUser\hitesh\shreshtproject\WebApplication1\WebApplication1.csproj]
D:\EndUser\hitesh\shreshtproject\WebApplication1\Services\AdminBillingService.cs(1183,28): warning CS8625: Cannot convert null literal to non-nullable reference type. [D:\EndUser\hitesh\shreshtproject\WebApplication1\WebApplication1.csproj]
D:\EndUser\hitesh\shreshtproject\WebApplication1\Services\NotificationBackgroundService.cs(107,53): error CS0411: The type arguments for method 'TupleExtensions.Deconstruct<T1, T2>(Tuple<T1, T2>, out T1, out T2)' cannot be inferred from the usage. Try specifying the type arguments explicitly. [D:\EndUser\hitesh\shreshtproject\WebApplication1\WebApplication1.csproj]
D:\EndUser\hitesh\shreshtproject\WebApplication1\Services\NotificationBackgroundService.cs(107,53): error CS8129: No suitable 'Deconstruct' instance or extension method was found for type 'int', with 2 out parameters and a void return type. [D:\EndUser\hitesh\shreshtproject\WebApplication1\WebApplication1.csproj]
D:\EndUser\hitesh\shreshtproject\WebApplication1\Services\NotificationBackgroundService.cs(107,34): error CS8130: Cannot infer the type of implicitly-typed deconstruction variable 'success'. [D:\EndUser\hitesh\shreshtproject\WebApplication1\WebApplication1.csproj]
D:\EndUser\hitesh\shreshtproject\WebApplication1\Services\NotificationBackgroundService.cs(107,43): error CS8130: Cannot infer the type of implicitly-typed deconstruction variable 'failed'. [D:\EndUser\hitesh\shreshtproject\WebApplication1\WebApplication1.csproj]
D:\EndUser\hitesh\shreshtproject\WebApplication1\Services\AdminNotificationService.cs(287,49): error CS0411: The type arguments for method 'TupleExtensions.Deconstruct<T1, T2>(Tuple<T1, T2>, out T1, out T2)' cannot be inferred from the usage. Try specifying the type arguments explicitly. [D:\EndUser\hitesh\shreshtproject\WebApplication1\WebApplication1.csproj]
D:\EndUser\hitesh\shreshtproject\WebApplication1\Services\AdminNotificationService.cs(287,49): error CS8129: No suitable 'Deconstruct' instance or extension method was found for type 'int', with 2 out parameters and a void return type. [D:\EndUser\hitesh\shreshtproject\WebApplication1\WebApplication1.csproj]
D:\EndUser\hitesh\shreshtproject\WebApplication1\Services\AdminNotificationService.cs(287,30): error CS8130: Cannot infer the type of implicitly-typed deconstruction variable 'success'. [D:\EndUser\hitesh\shreshtproject\WebApplication1\WebApplication1.csproj]
D:\EndUser\hitesh\shreshtproject\WebApplication1\Services\AdminNotificationService.cs(287,39): error CS8130: Cannot infer the type of implicitly-typed deconstruction variable 'failed'. [D:\EndUser\hitesh\shreshtproject\WebApplication1\WebApplication1.csproj]
D:\EndUser\hitesh\shreshtproject\WebApplication1\Services\NotificationDispatcher.cs(136,68): error CS0411: The type arguments for method 'TupleExtensions.Deconstruct<T1, T2>(Tuple<T1, T2>, out T1, out T2)' cannot be inferred from the usage. Try specifying the type arguments explicitly. [D:\EndUser\hitesh\shreshtproject\WebApplication1\WebApplication1.csproj]
D:\EndUser\hitesh\shreshtproject\WebApplication1\Services\NotificationDispatcher.cs(136,68): error CS8129: No suitable 'Deconstruct' instance or extension method was found for type 'int', with 2 out parameters and a void return type. [D:\EndUser\hitesh\shreshtproject\WebApplication1\WebApplication1.csproj]
D:\EndUser\hitesh\shreshtproject\WebApplication1\Services\NotificationDispatcher.cs(136,38): error CS8130: Cannot infer the type of implicitly-typed deconstruction variable 'successCount'. [D:\EndUser\hitesh\shreshtproject\WebApplication1\WebApplication1.csproj]
D:\EndUser\hitesh\shreshtproject\WebApplication1\Services\NotificationDispatcher.cs(136,52): error CS8130: Cannot infer the type of implicitly-typed deconstruction variable 'failedTokens'. [D:\EndUser\hitesh\shreshtproject\WebApplication1\WebApplication1.csproj]
    119 Warning(s)
    12 Error(s)

Time Elapsed 00:00:25.66
